fromList [ ("@p", fromList ["@a"])
         , ("@pp", fromList ["@p"])
         ]