fromList [ ("@pp", fromList ["@p"])
         , ("@p", fromList ["%z", "@a"])
         ]