fromList [ ("%pa", fromList ["@a"])
         , ("%p", fromList ["@a"])
         ]
