fromList [ ("@f", ("%struct.Vtbl*", [AccessField 3])) ]
