fromList [ ("@f", ("i32*", [AccessDeref, AccessArray])) ]