fromList [ ("@f", ("%struct.S*", [AccessField 0])) ]