fromList [ ("%2", 10), ("%13", -79), ("%5", -79), ("%6", -79), ("%8", -79) ]
