fromList [ ("%17", -79)
         , ("%10", -79)
         , ("%12", -79)
         , ("%9", -79)
         , ("%6", 10)
         , ("%5", -1)
         ]